˜Ã≥‚
ôt
Åt{"Root":{"Path":"/","CreatedIndex":0,"ModifiedIndex":0,"ExpireTime":"0001-01-01T00:00:00Z","Value":"","Children":{"0":{"Path":"/0","CreatedIndex":0,"ModifiedIndex":0,"ExpireTime":"0001-01-01T00:00:00Z","Value":"","Children":{"members":{"Path":"/0/members","CreatedIndex":1,"ModifiedIndex":1,"ExpireTime":"0001-01-01T00:00:00Z","Value":"","Children":{"ce2a822cea30bfca":{"Path":"/0/members/ce2a822cea30bfca","CreatedIndex":1,"ModifiedIndex":1,"ExpireTime":"0001-01-01T00:00:00Z","Value":"","Children":{"attributes":{"Path":"/0/members/ce2a822cea30bfca/attributes","CreatedIndex":11,"ModifiedIndex":11,"ExpireTime":"0001-01-01T00:00:00Z","Value":"{\"name\":\"default\",\"clientURLs\":[\"http://0.0.0.0:2379\"]}","Children":null},"raftAttributes":{"Path":"/0/members/ce2a822cea30bfca/raftAttributes","CreatedIndex":1,"ModifiedIndex":1,"ExpireTime":"0001-01-01T00:00:00Z","Value":"{\"peerURLs\":[\"http://localhost:2380\",\"http://localhost:7001\"]}","Children":null}}}}},"version":{"Path":"/0/version","CreatedIndex":3,"ModifiedIndex":3,"ExpireTime":"0001-01-01T00:00:00Z","Value":"2.2.0","Children":null}}},"1":{"Path":"/1","CreatedIndex":0,"ModifiedIndex":0,"ExpireTime":"0001-01-01T00:00:00Z","Value":"","Children":{"services":{"Path":"/1/services","CreatedIndex":5,"ModifiedIndex":5,"ExpireTime":"0001-01-01T00:00:00Z","Value":"","Children":{"test":{"Path":"/1/services/test","CreatedIndex":12,"ModifiedIndex":12,"ExpireTime":"0001-01-01T00:00:00Z","Value":"","Children":{"admin.com":{"Path":"/1/services/test/admin.com","CreatedIndex":20,"ModifiedIndex":20,"ExpireTime":"0001-01-01T00:00:00Z","Value":"","Children":{"url":{"Path":"/1/services/test/admin.com/url","CreatedIndex":25,"ModifiedIndex":25,"ExpireTime":"0001-01-01T00:00:00Z","Value":"111.230.197.23:80","Children":null}}},"hack.com":{"Path":"/1/services/test/hack.com","CreatedIndex":16,"ModifiedIndex":16,"ExpireTime":"0001-01-01T00:00:00Z","Value":"","Children":{}},"hack.com1":{"Path":"/1/services/test/hack.com1","CreatedIndex":18,"ModifiedIndex":18,"ExpireTime":"0001-01-01T00:00:00Z","Value":"","Children":{"url":{"Path":"/1/services/test/hack.com1/url","CreatedIndex":19,"ModifiedIndex":19,"ExpireTime":"0001-01-01T00:00:00Z","Value":"111.230.197.23:80","Children":null}}},"qq.com":{"Path":"/1/services/test/qq.com","CreatedIndex":23,"ModifiedIndex":23,"ExpireTime":"0001-01-01T00:00:00Z","Value":"","Children":{"url":{"Path":"/1/services/test/qq.com/url","CreatedIndex":32,"ModifiedIndex":32,"ExpireTime":"0001-01-01T00:00:00Z","Value":"111.230.197.23:80","Children":null}}}}},"web":{"Path":"/1/services/web","CreatedIndex":5,"ModifiedIndex":5,"ExpireTime":"0001-01-01T00:00:00Z","Value":"","Children":{"cust1":{"Path":"/1/services/web/cust1","CreatedIndex":5,"ModifiedIndex":5,"ExpireTime":"0001-01-01T00:00:00Z","Value":"","Children":{"1":{"Path":"/1/services/web/cust1/1","CreatedIndex":10,"ModifiedIndex":10,"ExpireTime":"0001-01-01T00:00:00Z","Value":"{\"IP\": \"10.0.0.1\"}","Children":null},"2":{"Path":"/1/services/web/cust1/2","CreatedIndex":7,"ModifiedIndex":7,"ExpireTime":"0001-01-01T00:00:00Z","Value":"{\"IP\": \"10.0.0.2\"}","Children":null}}},"cust2":{"Path":"/1/services/web/cust2","CreatedIndex":6,"ModifiedIndex":6,"ExpireTime":"0001-01-01T00:00:00Z","Value":"","Children":{"1":{"Path":"/1/services/web/cust2/1","CreatedIndex":9,"ModifiedIndex":9,"ExpireTime":"0001-01-01T00:00:00Z","Value":"{\"IP\": \"10.0.0.3\"}","Children":null},"2":{"Path":"/1/services/web/cust2/2","CreatedIndex":8,"ModifiedIndex":8,"ExpireTime":"0001-01-01T00:00:00Z","Value":"{\"IP\": \"10.0.0.4\"}","Children":null}}}}}}},"undefinedurl":{"Path":"/1/undefinedurl","CreatedIndex":17,"ModifiedIndex":17,"ExpireTime":"0001-01-01T00:00:00Z","Value":"111.230.197.23:80","Children":null}}}}},"WatcherHub":{"EventHistory":{"Queue":{"Events":[{"action":"create","node":{"key":"/0/members/ce2a822cea30bfca/raftAttributes","value":"{\"peerURLs\":[\"http://localhost:2380\",\"http://localhost:7001\"]}","modifiedIndex":1,"createdIndex":1}},{"action":"set","node":{"key":"/0/members/ce2a822cea30bfca/attributes","value":"{\"name\":\"default\",\"clientURLs\":[\"http://localhost:2379\",\"http://localhost:4001\"]}","modifiedIndex":2,"createdIndex":2}},{"action":"set","node":{"key":"/0/version","value":"2.2.0","modifiedIndex":3,"createdIndex":3}},{"action":"set","node":{"key":"/0/members/ce2a822cea30bfca/attributes","value":"{\"name\":\"default\",\"clientURLs\":[\"http://localhost:2379\",\"http://localhost:4001\"]}","modifiedIndex":4,"createdIndex":4},"prevNode":{"key":"/0/members/ce2a822cea30bfca/attributes","value":"{\"name\":\"default\",\"clientURLs\":[\"http://localhost:2379\",\"http://localhost:4001\"]}","modifiedIndex":2,"createdIndex":2}},{"action":"create","node":{"key":"/1/services/web/cust1","dir":true,"modifiedIndex":5,"createdIndex":5}},{"action":"create","node":{"key":"/1/services/web/cust2","dir":true,"modifiedIndex":6,"createdIndex":6}},{"action":"set","node":{"key":"/1/services/web/cust1/2","value":"{\"IP\": \"10.0.0.2\"}","modifiedIndex":7,"createdIndex":7}},{"action":"set","node":{"key":"/1/services/web/cust2/2","value":"{\"IP\": \"10.0.0.4\"}","modifiedIndex":8,"createdIndex":8}},{"action":"set","node":{"key":"/1/services/web/cust2/1","value":"{\"IP\": \"10.0.0.3\"}","modifiedIndex":9,"createdIndex":9}},{"action":"set","node":{"key":"/1/services/web/cust1/1","value":"{\"IP\": \"10.0.0.1\"}","modifiedIndex":10,"createdIndex":10}},{"action":"set","node":{"key":"/0/members/ce2a822cea30bfca/attributes","value":"{\"name\":\"default\",\"clientURLs\":[\"http://0.0.0.0:2379\"]}","modifiedIndex":11,"createdIndex":11},"prevNode":{"key":"/0/members/ce2a822cea30bfca/attributes","value":"{\"name\":\"default\",\"clientURLs\":[\"http://localhost:2379\",\"http://localhost:4001\"]}","modifiedIndex":4,"createdIndex":4}},{"action":"create","node":{"key":"/1/services/test/baidu.com","dir":true,"modifiedIndex":12,"createdIndex":12}},{"action":"set","node":{"key":"/1/services/test/baidu.com/url","value":"111.230.197.23:80","modifiedIndex":13,"createdIndex":13}},{"action":"delete","node":{"key":"/1/services/test/baidu.com/url","modifiedIndex":14,"createdIndex":13},"prevNode":{"key":"/1/services/test/baidu.com/url","value":"111.230.197.23:80","modifiedIndex":13,"createdIndex":13}},{"action":"delete","node":{"key":"/1/services/test/baidu.com","dir":true,"modifiedIndex":15,"createdIndex":12},"prevNode":{"key":"/1/services/test/baidu.com","dir":true,"modifiedIndex":12,"createdIndex":12}},{"action":"set","node":{"key":"/1/services/test/hack.com","dir":true,"modifiedIndex":16,"createdIndex":16}},{"action":"set","node":{"key":"/1/undefinedurl","value":"111.230.197.23:80","modifiedIndex":17,"createdIndex":17}},{"action":"set","node":{"key":"/1/services/test/hack.com1","dir":true,"modifiedIndex":18,"createdIndex":18}},{"action":"set","node":{"key":"/1/services/test/hack.com1/url","value":"111.230.197.23:80","modifiedIndex":19,"createdIndex":19}},{"action":"set","node":{"key":"/1/services/test/admin.com","dir":true,"modifiedIndex":20,"createdIndex":20}},{"action":"set","node":{"key":"/1/services/test/admin.com/url","value":"111.230.197.23:80","modifiedIndex":21,"createdIndex":21}},{"action":"set","node":{"key":"/1/services/test/admin.com/url","value":"111.230.197.23:80","modifiedIndex":22,"createdIndex":22},"prevNode":{"key":"/1/services/test/admin.com/url","value":"111.230.197.23:80","modifiedIndex":21,"createdIndex":21}},{"action":"set","node":{"key":"/1/services/test/qq.com","dir":true,"modifiedIndex":23,"createdIndex":23}},{"action":"set","node":{"key":"/1/services/test/qq.com/url","value":"111.230.197.23:80","modifiedIndex":24,"createdIndex":24}},{"action":"set","node":{"key":"/1/services/test/admin.com/url","value":"111.230.197.23:80","modifiedIndex":25,"createdIndex":25},"prevNode":{"key":"/1/services/test/admin.com/url","value":"111.230.197.23:80","modifiedIndex":22,"createdIndex":22}},{"action":"set","node":{"key":"/1/services/test/qq.com/url","value":"111.230.197.23:80","modifiedIndex":26,"createdIndex":26},"prevNode":{"key":"/1/services/test/qq.com/url","value":"111.230.197.23:80","modifiedIndex":24,"createdIndex":24}},{"action":"set","node":{"key":"/1/services/test/qq.com/url","value":"111.230.197.23:80","modifiedIndex":27,"createdIndex":27},"prevNode":{"key":"/1/services/test/qq.com/url","value":"111.230.197.23:80","modifiedIndex":26,"createdIndex":26}},{"action":"set","node":{"key":"/1/services/test/qq.com/url","value":"111.230.197.23:80","modifiedIndex":28,"createdIndex":28},"prevNode":{"key":"/1/services/test/qq.com/url","value":"111.230.197.23:80","modifiedIndex":27,"createdIndex":27}},{"action":"set","node":{"key":"/1/services/test/qq.com/url","value":"111.230.197.23:80","modifiedIndex":29,"createdIndex":29},"prevNode":{"key":"/1/services/test/qq.com/url","value":"111.230.197.23:80","modifiedIndex":28,"createdIndex":28}},{"action":"set","node":{"key":"/1/services/test/qq.com/url","value":"111.230.197.23:80","modifiedIndex":30,"createdIndex":30},"prevNode":{"key":"/1/services/test/qq.com/url","value":"111.230.197.23:80","modifiedIndex":29,"createdIndex":29}},{"action":"set","node":{"key":"/1/services/test/qq.com/url","value":"111.230.197.23:80","modifiedIndex":31,"createdIndex":31},"prevNode":{"key":"/1/services/test/qq.com/url","value":"111.230.197.23:80","modifiedIndex":30,"createdIndex":30}},{"action":"set","node":{"key":"/1/services/test/qq.com/url","value":"111.230.197.23:80","modifiedIndex":32,"createdIndex":32},"prevNode":{"key":"/1/services/test/qq.com/url","value":"111.230.197.23:80","modifiedIndex":31,"createdIndex":31}},null,null,null,null,null,null,null,null,null,null,null,null,null,null,null,null,null,null,null,null,null,null,null,null,null,null,null,null,null,null,null,null,null,null,null,null,null,null,null,null,null,null,null,null,null,null,null,null,null,null,null,null,null,null,null,null,null,null,null,null,null,null,null,null,null,null,null,null,null,null,null,null,null,null,null,null,null,null,null,null,null,null,null,null,null,null,null,null,null,null,null,null,null,null,null,null,null,null,null,null,null,null,null,null,null,null,null,null,null,null,null,null,null,null,null,null,null,null,null,null,null,null,null,null,null,null,null,null,null,null,null,null,null,null,null,null,null,null,null,null,null,null,null,null,null,null,null,null,null,null,null,null,null,null,null,null,null,null,null,null,null,null,null,null,null,null,null,null,null,null,null,null,null,null,null,null,null,null,null,null,null,null,null,null,null,null,null,null,null,null,null,null,null,null,null,null,null,null,null,null,null,null,null,null,null,null,null,null,null,null,null,null,null,null,null,null,null,null,null,null,null,null,null,null,null,null,null,null,null,null,null,null,null,null,null,null,null,null,null,null,null,null,null,null,null,null,null,null,null,null,null,null,null,null,null,null,null,null,null,null,null,null,null,null,null,null,null,null,null,null,null,null,null,null,null,null,null,null,null,null,null,null,null,null,null,null,null,null,null,null,null,null,null,null,null,null,null,null,null,null,null,null,null,null,null,null,null,null,null,null,null,null,null,null,null,null,null,null,null,null,null,null,null,null,null,null,null,null,null,null,null,null,null,null,null,null,null,null,null,null,null,null,null,null,null,null,null,null,null,null,null,null,null,null,null,null,null,null,null,null,null,null,null,null,null,null,null,null,null,null,null,null,null,null,null,null,null,null,null,null,null,null,null,null,null,null,null,null,null,null,null,null,null,null,null,null,null,null,null,null,null,null,null,null,null,null,null,null,null,null,null,null,null,null,null,null,null,null,null,null,null,null,null,null,null,null,null,null,null,null,null,null,null,null,null,null,null,null,null,null,null,null,null,null,null,null,null,null,null,null,null,null,null,null,null,null,null,null,null,null,null,null,null,null,null,null,null,null,null,null,null,null,null,null,null,null,null,null,null,null,null,null,null,null,null,null,null,null,null,null,null,null,null,null,null,null,null,null,null,null,null,null,null,null,null,null,null,null,null,null,null,null,null,null,null,null,null,null,null,null,null,null,null,null,null,null,null,null,null,null,null,null,null,null,null,null,null,null,null,null,null,null,null,null,null,null,null,null,null,null,null,null,null,null,null,null,null,null,null,null,null,null,null,null,null,null,null,null,null,null,null,null,null,null,null,null,null,null,null,null,null,null,null,null,null,null,null,null,null,null,null,null,null,null,null,null,null,null,null,null,null,null,null,null,null,null,null,null,null,null,null,null,null,null,null,null,null,null,null,null,null,null,null,null,null,null,null,null,null,null,null,null,null,null,null,null,null,null,null,null,null,null,null,null,null,null,null,null,null,null,null,null,null,null,null,null,null,null,null,null,null,null,null,null,null,null,null,null,null,null,null,null,null,null,null,null,null,null,null,null,null,null,null,null,null,null,null,null,null,null,null,null,null,null,null,null,null,null,null,null,null,null,null,null,null,null,null,null,null,null,null,null,null,null,null,null,null,null,null,null,null,null,null,null,null,null,null,null,null,null,null,null,null,null,null,null,null,null,null,null,null,null,null,null,null,null,null,null,null,null,null,null,null,null,null,null,null,null,null,null,null,null,null,null,null,null,null,null,null,null,null,null,null,null,null,null,null,null,null,null,null,null,null,null,null,null,null,null,null,null,null,null,null,null,null,null,null,null,null,null,null,null,null,null,null,null,null,null,null,null,null,null,null,null,null,null,null,null,null,null,null,null,null,null,null,null,null,null,null,null,null,null,null,null,null,null,null,null,null,null,null,null,null,null,null,null,null,null,null,null,null,null,null,null,null,null,null,null,null,null,null,null,null,null,null,null,null,null,null,null,null,null,null,null,null,null,null,null,null,null,null,null,null,null,null,null,null,null,null,null,null,null,null,null,null,null,null,null,null,null,null,null,null,null,null,null,null,null,null,null,null,null,null,null,null,null,null,null,null,null,null,null,null,null,null,null,null,null,null,null,null,null,null,null,null,null,null,null,null,null,null,null,null,null,null,null,null,null,null,null,null,null,null,null,null,null,null,null,null,null,null,null,null,null,null,null,null,null],"Size":32,"Front":0,"Back":32,"Capacity":1000},"StartIndex":1,"LastIndex":32}},"CurrentIndex":32,"Stats":{"getsSuccess":47,"getsFail":84,"setsSuccess":26,"setsFail":9,"deleteSuccess":2,"deleteFail":2,"updateSuccess":0,"updateFail":0,"createSuccess":4,"createFail":0,"compareAndSwapSuccess":0,"compareAndSwapFail":0,"compareAndDeleteSuccess":0,"compareAndDeleteFail":0,"expireCount":0,"watchers":0},"CurrentVersion":2}
 ˇ¬—Œ≈†ïŒƒ∏